first line
new 1
new 2; v empty line here

last line
